// Jest Snapshot v1, https://goo.gl/fbAQLP

exports[`Running Test for Input Check Button disabled 1`] = `
<div
  className="css-view-175oi2r r-transitionProperty-1i6wzkk r-userSelect-lrvibr r-cursor-1loqt21 r-touchAction-1otgn73"
  dir={null}
  onClick={[Function]}
  onContextMenu={[Function]}
  onKeyDown={[Function]}
  style={
    {
      "transitionDuration": "0s",
    }
  }
  tabIndex="0"
>
  <div
    className="css-view-175oi2r r-cursor-1loqt21 r-touchAction-1otgn73"
    dir={null}
    onBlur={[Function]}
    onClick={[Function]}
    onContextMenu={[Function]}
    onFocus={[Function]}
    onKeyDown={[Function]}
    style={
      {
        "alignItems": "center",
        "backgroundColor": "rgba(221,223,246,1.00)",
        "borderBottomLeftRadius": "5px",
        "borderBottomRightRadius": "5px",
        "borderTopLeftRadius": "5px",
        "borderTopRightRadius": "5px",
        "flexDirection": "row",
        "height": "100%",
        "justifyContent": "center",
        "paddingBottom": "24px",
        "paddingLeft": "24px",
        "paddingRight": "24px",
        "paddingTop": "24px",
        "width": "auto",
      }
    }
    tabIndex={0}
  >
    <div
      className="css-view-175oi2r"
      dir={null}
    >
      <RNSVGSvgView
        align="xMidYMid"
        bbHeight="10"
        bbWidth="12"
        fill="none"
        focusable={false}
        height={10}
        meetOrSlice={0}
        minX={0}
        minY={0}
        style={
          [
            {
              "backgroundColor": "transparent",
              "borderWidth": 0,
            },
            {
              "height": 10,
              "marginRight": 10,
              "width": 12,
            },
            {
              "flex": 0,
              "height": 10,
              "width": 12,
            },
          ]
        }
        vbHeight={32}
        vbWidth={43}
        width={12}
      >
        <RNSVGGroup
          fill={null}
          propList={
            [
              "fill",
            ]
          }
        >
          <RNSVGPath
            clipRule={0}
            d="M41.0309 1.12469C39.3624 -0.37562 36.6578 -0.374175 34.9899 1.12469L15.4917 21.2185L6.88504 12.2221C5.21785 10.4783 2.51325 10.4783 0.92578 12.2224C-0.277994 13.9669 -0.277994 16.7949 0.92578 18.5386L12.4693 30.6925C14.1382 32.4358 16.8428 32.4358 18.5114 30.6925L41.0309 7.15158C42.6985 5.40676 42.6985 2.57913 41.0309 1.12469Z"
            fill={
              {
                "payload": 4294967295,
                "type": 0,
              }
            }
            fillRule={0}
            propList={
              [
                "fill",
                "fillRule",
              ]
            }
          />
        </RNSVGGroup>
      </RNSVGSvgView>
    </div>
    <div
      className="css-text-146c3p1"
      dir="auto"
      style={
        {
          "color": "rgba(255,255,255,1.00)",
          "fontWeight": "bold",
        }
      }
    >
      Button CTA
    </div>
  </div>
</div>
`;
