// Jest Snapshot v1, https://goo.gl/fbAQLP

exports[`Running Test for Table Check Table Disabled 1`] = `
<View
  style={
    Array [
      Object {
        "borderColor": "#E5E5E5",
        "borderRightWidth": 0,
        "borderTopLeftRadius": 10,
        "borderTopRightRadius": 10,
        "borderWidth": 1,
        "width": "100%",
      },
      Object {
        "borderTopLeftRadius": 0,
        "borderTopRightRadius": 0,
        "borderTopWidth": 0,
      },
    ]
  }
>
  <View
    style={
      Array [
        Object {
          "backgroundColor": "#EFF1F7",
          "flexDirection": "row",
        },
      ]
    }
  >
    <View
      style={
        Array [
          Object {
            "alignItems": "center",
            "borderBottomWidth": 1,
            "borderColor": "#E5E5E5",
            "borderRightWidth": 1,
            "borderTopWidth": 1,
            "justifyContent": "center",
            "paddingVertical": 2,
          },
          Object {
            "height": 40,
            "width": "25%",
          },
        ]
      }
    >
      <Text
        ellipsizeMode="tail"
        style={
          Array [
            Object {
              "color": "#202452",
              "fontSize": 14,
              "textAlign": "center",
            },
          ]
        }
      >
        Quantity
      </Text>
    </View>
    <View
      style={
        Array [
          Object {
            "alignItems": "center",
            "borderBottomWidth": 1,
            "borderColor": "#E5E5E5",
            "borderRightWidth": 1,
            "borderTopWidth": 1,
            "justifyContent": "center",
            "paddingVertical": 2,
          },
          Object {
            "height": 40,
            "width": "25%",
          },
        ]
      }
    >
      <Text
        ellipsizeMode="tail"
        style={
          Array [
            Object {
              "color": "#202452",
              "fontSize": 14,
              "textAlign": "center",
            },
          ]
        }
      >
        Lot
      </Text>
    </View>
    <View
      style={
        Array [
          Object {
            "alignItems": "center",
            "borderBottomWidth": 1,
            "borderColor": "#E5E5E5",
            "borderRightWidth": 1,
            "borderTopWidth": 1,
            "justifyContent": "center",
            "paddingVertical": 2,
          },
          Object {
            "height": 40,
            "width": "25%",
          },
        ]
      }
    >
      <Text
        ellipsizeMode="tail"
        style={
          Array [
            Object {
              "color": "#202452",
              "fontSize": 14,
              "textAlign": "center",
            },
          ]
        }
      >
        Code
      </Text>
    </View>
    <View
      style={
        Array [
          Object {
            "alignItems": "center",
            "borderBottomWidth": 1,
            "borderColor": "#E5E5E5",
            "borderRightWidth": 1,
            "borderTopWidth": 1,
            "justifyContent": "center",
            "paddingVertical": 2,
          },
          Object {
            "height": 40,
            "width": "25%",
          },
        ]
      }
    >
      <Text
        ellipsizeMode="tail"
        style={
          Array [
            Object {
              "color": "#202452",
              "fontSize": 14,
              "textAlign": "center",
            },
          ]
        }
      >
        Edit
      </Text>
    </View>
  </View>
  <RCTScrollView
    data={
      Array [
        Object {
          "description": "",
          "expiration": "20/11/2023",
          "lot": "00001",
          "move": false,
          "movementQuantity": 120,
          "productName": "Beer 200ml Cusque単a",
          "searchKey": "09123 ZEL",
        },
        Object {
          "description": "",
          "expiration": "20/11/2023",
          "lot": "00002",
          "move": false,
          "movementQuantity": 120,
          "productName": "Beer 200ml Cusque単a",
          "searchKey": "09124 ZEL",
        },
        Object {
          "description": "",
          "expiration": "20/11/2023",
          "lot": "00001",
          "move": false,
          "movementQuantity": 120,
          "productName": "Beer 200ml Cusque単a",
          "searchKey": "09123 ZEL",
        },
        Object {
          "description": "",
          "expiration": "20/11/2023",
          "lot": "00002",
          "move": false,
          "movementQuantity": 120,
          "productName": "Beer 200ml Cusque単a",
          "searchKey": "09124 ZEL",
        },
      ]
    }
    getItem={[Function]}
    getItemCount={[Function]}
    keyExtractor={[Function]}
    onContentSizeChange={[Function]}
    onLayout={[Function]}
    onMomentumScrollBegin={[Function]}
    onMomentumScrollEnd={[Function]}
    onScroll={[Function]}
    onScrollBeginDrag={[Function]}
    onScrollEndDrag={[Function]}
    removeClippedSubviews={false}
    renderItem={[Function]}
    scrollEventThrottle={50}
    stickyHeaderIndices={Array []}
    viewabilityConfigCallbackPairs={Array []}
  >
    <View>
      <View
        onLayout={[Function]}
        style={null}
      >
        <View
          accessible={true}
          collapsable={false}
          focusable={true}
          onBlur={[Function]}
          onClick={[Function]}
          onFocus={[Function]}
          onResponderGrant={[Function]}
          onResponderMove={[Function]}
          onResponderRelease={[Function]}
          onResponderTerminate={[Function]}
          onResponderTerminationRequest={[Function]}
          onStartShouldSetResponder={[Function]}
          style={
            Array [
              Object {
                "flexDirection": "row",
              },
              Object {
                "height": 40,
              },
              Object {
                "backgroundColor": "#FFFFFF",
              },
            ]
          }
        >
          <View
            style={
              Array [
                Object {
                  "borderColor": "#E5E5E5",
                  "borderRightWidth": 1,
                  "borderTopWidth": 1,
                  "justifyContent": "center",
                  "paddingHorizontal": 5,
                },
                Object {
                  "width": "25%",
                },
              ]
            }
          >
            <RCTScrollView
              contentContainerStyle={
                Object {
                  "alignItems": "center",
                  "flexGrow": 1,
                  "justifyContent": "center",
                }
              }
              nestedScrollEnabled={true}
            >
              <View>
                <Text
                  style={
                    Object {
                      "color": "#202452",
                      "fontSize": 14,
                      "textAlign": "center",
                      "textAlignVertical": "center",
                    }
                  }
                >
                  120
                </Text>
              </View>
            </RCTScrollView>
          </View>
          <View
            style={
              Array [
                Object {
                  "borderColor": "#E5E5E5",
                  "borderRightWidth": 1,
                  "borderTopWidth": 1,
                  "justifyContent": "center",
                  "paddingHorizontal": 5,
                },
                Object {
                  "width": "25%",
                },
              ]
            }
          >
            <RCTScrollView
              contentContainerStyle={
                Object {
                  "alignItems": "center",
                  "flexGrow": 1,
                  "justifyContent": "center",
                }
              }
              nestedScrollEnabled={true}
            >
              <View>
                <Text
                  style={
                    Object {
                      "color": "#202452",
                      "fontSize": 14,
                      "textAlign": "center",
                      "textAlignVertical": "center",
                    }
                  }
                >
                  00001
                </Text>
              </View>
            </RCTScrollView>
          </View>
          <View
            style={
              Array [
                Object {
                  "borderColor": "#E5E5E5",
                  "borderRightWidth": 1,
                  "borderTopWidth": 1,
                  "justifyContent": "center",
                  "paddingHorizontal": 5,
                },
                Object {
                  "width": "25%",
                },
              ]
            }
          >
            <RCTScrollView
              contentContainerStyle={
                Object {
                  "alignItems": "center",
                  "flexGrow": 1,
                  "justifyContent": "center",
                }
              }
              nestedScrollEnabled={true}
            >
              <View>
                <Text
                  style={
                    Object {
                      "color": "#202452",
                      "fontSize": 14,
                      "textAlign": "center",
                      "textAlignVertical": "center",
                    }
                  }
                >
                  09123 ZEL
                </Text>
              </View>
            </RCTScrollView>
          </View>
          <View
            style={
              Array [
                Object {
                  "borderColor": "#E5E5E5",
                  "borderRightWidth": 1,
                  "borderTopWidth": 1,
                  "justifyContent": "center",
                  "paddingHorizontal": 5,
                },
                Object {
                  "width": "25%",
                },
              ]
            }
          >
            <View
              accessible={true}
              collapsable={false}
              focusable={true}
              onClick={[Function]}
              onResponderGrant={[Function]}
              onResponderMove={[Function]}
              onResponderRelease={[Function]}
              onResponderTerminate={[Function]}
              onResponderTerminationRequest={[Function]}
              onStartShouldSetResponder={[Function]}
              style={
                Object {
                  "flex": 1,
                  "opacity": 1,
                }
              }
            >
              <View
                style={
                  Object {
                    "alignItems": "center",
                    "flex": 1,
                    "flexDirection": "row",
                    "justifyContent": "center",
                  }
                }
              >
                <Image
                  source={
                    Object {
                      "testUri": "../../../assets/images/icons/edit.png",
                    }
                  }
                  style={
                    Object {
                      "height": 13,
                      "marginRight": 5,
                      "width": 13,
                    }
                  }
                />
                <Text
                  style={
                    Object {
                      "color": "#202452",
                      "fontSize": 14,
                      "fontWeight": "400",
                      "textAlign": "center",
                      "textAlignVertical": "center",
                    }
                  }
                >
                  EDIT
                </Text>
              </View>
            </View>
          </View>
        </View>
      </View>
      <View
        onLayout={[Function]}
        style={null}
      >
        <View
          accessible={true}
          collapsable={false}
          focusable={true}
          onBlur={[Function]}
          onClick={[Function]}
          onFocus={[Function]}
          onResponderGrant={[Function]}
          onResponderMove={[Function]}
          onResponderRelease={[Function]}
          onResponderTerminate={[Function]}
          onResponderTerminationRequest={[Function]}
          onStartShouldSetResponder={[Function]}
          style={
            Array [
              Object {
                "flexDirection": "row",
              },
              Object {
                "height": 40,
              },
              Object {
                "backgroundColor": "#EFF1F7",
              },
            ]
          }
        >
          <View
            style={
              Array [
                Object {
                  "borderColor": "#E5E5E5",
                  "borderRightWidth": 1,
                  "borderTopWidth": 1,
                  "justifyContent": "center",
                  "paddingHorizontal": 5,
                },
                Object {
                  "width": "25%",
                },
              ]
            }
          >
            <RCTScrollView
              contentContainerStyle={
                Object {
                  "alignItems": "center",
                  "flexGrow": 1,
                  "justifyContent": "center",
                }
              }
              nestedScrollEnabled={true}
            >
              <View>
                <Text
                  style={
                    Object {
                      "color": "#202452",
                      "fontSize": 14,
                      "textAlign": "center",
                      "textAlignVertical": "center",
                    }
                  }
                >
                  120
                </Text>
              </View>
            </RCTScrollView>
          </View>
          <View
            style={
              Array [
                Object {
                  "borderColor": "#E5E5E5",
                  "borderRightWidth": 1,
                  "borderTopWidth": 1,
                  "justifyContent": "center",
                  "paddingHorizontal": 5,
                },
                Object {
                  "width": "25%",
                },
              ]
            }
          >
            <RCTScrollView
              contentContainerStyle={
                Object {
                  "alignItems": "center",
                  "flexGrow": 1,
                  "justifyContent": "center",
                }
              }
              nestedScrollEnabled={true}
            >
              <View>
                <Text
                  style={
                    Object {
                      "color": "#202452",
                      "fontSize": 14,
                      "textAlign": "center",
                      "textAlignVertical": "center",
                    }
                  }
                >
                  00002
                </Text>
              </View>
            </RCTScrollView>
          </View>
          <View
            style={
              Array [
                Object {
                  "borderColor": "#E5E5E5",
                  "borderRightWidth": 1,
                  "borderTopWidth": 1,
                  "justifyContent": "center",
                  "paddingHorizontal": 5,
                },
                Object {
                  "width": "25%",
                },
              ]
            }
          >
            <RCTScrollView
              contentContainerStyle={
                Object {
                  "alignItems": "center",
                  "flexGrow": 1,
                  "justifyContent": "center",
                }
              }
              nestedScrollEnabled={true}
            >
              <View>
                <Text
                  style={
                    Object {
                      "color": "#202452",
                      "fontSize": 14,
                      "textAlign": "center",
                      "textAlignVertical": "center",
                    }
                  }
                >
                  09124 ZEL
                </Text>
              </View>
            </RCTScrollView>
          </View>
          <View
            style={
              Array [
                Object {
                  "borderColor": "#E5E5E5",
                  "borderRightWidth": 1,
                  "borderTopWidth": 1,
                  "justifyContent": "center",
                  "paddingHorizontal": 5,
                },
                Object {
                  "width": "25%",
                },
              ]
            }
          >
            <View
              accessible={true}
              collapsable={false}
              focusable={true}
              onClick={[Function]}
              onResponderGrant={[Function]}
              onResponderMove={[Function]}
              onResponderRelease={[Function]}
              onResponderTerminate={[Function]}
              onResponderTerminationRequest={[Function]}
              onStartShouldSetResponder={[Function]}
              style={
                Object {
                  "flex": 1,
                  "opacity": 1,
                }
              }
            >
              <View
                style={
                  Object {
                    "alignItems": "center",
                    "flex": 1,
                    "flexDirection": "row",
                    "justifyContent": "center",
                  }
                }
              >
                <Image
                  source={
                    Object {
                      "testUri": "../../../assets/images/icons/edit.png",
                    }
                  }
                  style={
                    Object {
                      "height": 13,
                      "marginRight": 5,
                      "width": 13,
                    }
                  }
                />
                <Text
                  style={
                    Object {
                      "color": "#202452",
                      "fontSize": 14,
                      "fontWeight": "400",
                      "textAlign": "center",
                      "textAlignVertical": "center",
                    }
                  }
                >
                  EDIT
                </Text>
              </View>
            </View>
          </View>
        </View>
      </View>
      <View
        onLayout={[Function]}
        style={null}
      >
        <View
          accessible={true}
          collapsable={false}
          focusable={true}
          onBlur={[Function]}
          onClick={[Function]}
          onFocus={[Function]}
          onResponderGrant={[Function]}
          onResponderMove={[Function]}
          onResponderRelease={[Function]}
          onResponderTerminate={[Function]}
          onResponderTerminationRequest={[Function]}
          onStartShouldSetResponder={[Function]}
          style={
            Array [
              Object {
                "flexDirection": "row",
              },
              Object {
                "height": 40,
              },
              Object {
                "backgroundColor": "#FFFFFF",
              },
            ]
          }
        >
          <View
            style={
              Array [
                Object {
                  "borderColor": "#E5E5E5",
                  "borderRightWidth": 1,
                  "borderTopWidth": 1,
                  "justifyContent": "center",
                  "paddingHorizontal": 5,
                },
                Object {
                  "width": "25%",
                },
              ]
            }
          >
            <RCTScrollView
              contentContainerStyle={
                Object {
                  "alignItems": "center",
                  "flexGrow": 1,
                  "justifyContent": "center",
                }
              }
              nestedScrollEnabled={true}
            >
              <View>
                <Text
                  style={
                    Object {
                      "color": "#202452",
                      "fontSize": 14,
                      "textAlign": "center",
                      "textAlignVertical": "center",
                    }
                  }
                >
                  120
                </Text>
              </View>
            </RCTScrollView>
          </View>
          <View
            style={
              Array [
                Object {
                  "borderColor": "#E5E5E5",
                  "borderRightWidth": 1,
                  "borderTopWidth": 1,
                  "justifyContent": "center",
                  "paddingHorizontal": 5,
                },
                Object {
                  "width": "25%",
                },
              ]
            }
          >
            <RCTScrollView
              contentContainerStyle={
                Object {
                  "alignItems": "center",
                  "flexGrow": 1,
                  "justifyContent": "center",
                }
              }
              nestedScrollEnabled={true}
            >
              <View>
                <Text
                  style={
                    Object {
                      "color": "#202452",
                      "fontSize": 14,
                      "textAlign": "center",
                      "textAlignVertical": "center",
                    }
                  }
                >
                  00001
                </Text>
              </View>
            </RCTScrollView>
          </View>
          <View
            style={
              Array [
                Object {
                  "borderColor": "#E5E5E5",
                  "borderRightWidth": 1,
                  "borderTopWidth": 1,
                  "justifyContent": "center",
                  "paddingHorizontal": 5,
                },
                Object {
                  "width": "25%",
                },
              ]
            }
          >
            <RCTScrollView
              contentContainerStyle={
                Object {
                  "alignItems": "center",
                  "flexGrow": 1,
                  "justifyContent": "center",
                }
              }
              nestedScrollEnabled={true}
            >
              <View>
                <Text
                  style={
                    Object {
                      "color": "#202452",
                      "fontSize": 14,
                      "textAlign": "center",
                      "textAlignVertical": "center",
                    }
                  }
                >
                  09123 ZEL
                </Text>
              </View>
            </RCTScrollView>
          </View>
          <View
            style={
              Array [
                Object {
                  "borderColor": "#E5E5E5",
                  "borderRightWidth": 1,
                  "borderTopWidth": 1,
                  "justifyContent": "center",
                  "paddingHorizontal": 5,
                },
                Object {
                  "width": "25%",
                },
              ]
            }
          >
            <View
              accessible={true}
              collapsable={false}
              focusable={true}
              onClick={[Function]}
              onResponderGrant={[Function]}
              onResponderMove={[Function]}
              onResponderRelease={[Function]}
              onResponderTerminate={[Function]}
              onResponderTerminationRequest={[Function]}
              onStartShouldSetResponder={[Function]}
              style={
                Object {
                  "flex": 1,
                  "opacity": 1,
                }
              }
            >
              <View
                style={
                  Object {
                    "alignItems": "center",
                    "flex": 1,
                    "flexDirection": "row",
                    "justifyContent": "center",
                  }
                }
              >
                <Image
                  source={
                    Object {
                      "testUri": "../../../assets/images/icons/edit.png",
                    }
                  }
                  style={
                    Object {
                      "height": 13,
                      "marginRight": 5,
                      "width": 13,
                    }
                  }
                />
                <Text
                  style={
                    Object {
                      "color": "#202452",
                      "fontSize": 14,
                      "fontWeight": "400",
                      "textAlign": "center",
                      "textAlignVertical": "center",
                    }
                  }
                >
                  EDIT
                </Text>
              </View>
            </View>
          </View>
        </View>
      </View>
      <View
        onLayout={[Function]}
        style={null}
      >
        <View
          accessible={true}
          collapsable={false}
          focusable={true}
          onBlur={[Function]}
          onClick={[Function]}
          onFocus={[Function]}
          onResponderGrant={[Function]}
          onResponderMove={[Function]}
          onResponderRelease={[Function]}
          onResponderTerminate={[Function]}
          onResponderTerminationRequest={[Function]}
          onStartShouldSetResponder={[Function]}
          style={
            Array [
              Object {
                "flexDirection": "row",
              },
              Object {
                "height": 40,
              },
              Object {
                "backgroundColor": "#EFF1F7",
              },
            ]
          }
        >
          <View
            style={
              Array [
                Object {
                  "borderColor": "#E5E5E5",
                  "borderRightWidth": 1,
                  "borderTopWidth": 1,
                  "justifyContent": "center",
                  "paddingHorizontal": 5,
                },
                Object {
                  "width": "25%",
                },
              ]
            }
          >
            <RCTScrollView
              contentContainerStyle={
                Object {
                  "alignItems": "center",
                  "flexGrow": 1,
                  "justifyContent": "center",
                }
              }
              nestedScrollEnabled={true}
            >
              <View>
                <Text
                  style={
                    Object {
                      "color": "#202452",
                      "fontSize": 14,
                      "textAlign": "center",
                      "textAlignVertical": "center",
                    }
                  }
                >
                  120
                </Text>
              </View>
            </RCTScrollView>
          </View>
          <View
            style={
              Array [
                Object {
                  "borderColor": "#E5E5E5",
                  "borderRightWidth": 1,
                  "borderTopWidth": 1,
                  "justifyContent": "center",
                  "paddingHorizontal": 5,
                },
                Object {
                  "width": "25%",
                },
              ]
            }
          >
            <RCTScrollView
              contentContainerStyle={
                Object {
                  "alignItems": "center",
                  "flexGrow": 1,
                  "justifyContent": "center",
                }
              }
              nestedScrollEnabled={true}
            >
              <View>
                <Text
                  style={
                    Object {
                      "color": "#202452",
                      "fontSize": 14,
                      "textAlign": "center",
                      "textAlignVertical": "center",
                    }
                  }
                >
                  00002
                </Text>
              </View>
            </RCTScrollView>
          </View>
          <View
            style={
              Array [
                Object {
                  "borderColor": "#E5E5E5",
                  "borderRightWidth": 1,
                  "borderTopWidth": 1,
                  "justifyContent": "center",
                  "paddingHorizontal": 5,
                },
                Object {
                  "width": "25%",
                },
              ]
            }
          >
            <RCTScrollView
              contentContainerStyle={
                Object {
                  "alignItems": "center",
                  "flexGrow": 1,
                  "justifyContent": "center",
                }
              }
              nestedScrollEnabled={true}
            >
              <View>
                <Text
                  style={
                    Object {
                      "color": "#202452",
                      "fontSize": 14,
                      "textAlign": "center",
                      "textAlignVertical": "center",
                    }
                  }
                >
                  09124 ZEL
                </Text>
              </View>
            </RCTScrollView>
          </View>
          <View
            style={
              Array [
                Object {
                  "borderColor": "#E5E5E5",
                  "borderRightWidth": 1,
                  "borderTopWidth": 1,
                  "justifyContent": "center",
                  "paddingHorizontal": 5,
                },
                Object {
                  "width": "25%",
                },
              ]
            }
          >
            <View
              accessible={true}
              collapsable={false}
              focusable={true}
              onClick={[Function]}
              onResponderGrant={[Function]}
              onResponderMove={[Function]}
              onResponderRelease={[Function]}
              onResponderTerminate={[Function]}
              onResponderTerminationRequest={[Function]}
              onStartShouldSetResponder={[Function]}
              style={
                Object {
                  "flex": 1,
                  "opacity": 1,
                }
              }
            >
              <View
                style={
                  Object {
                    "alignItems": "center",
                    "flex": 1,
                    "flexDirection": "row",
                    "justifyContent": "center",
                  }
                }
              >
                <Image
                  source={
                    Object {
                      "testUri": "../../../assets/images/icons/edit.png",
                    }
                  }
                  style={
                    Object {
                      "height": 13,
                      "marginRight": 5,
                      "width": 13,
                    }
                  }
                />
                <Text
                  style={
                    Object {
                      "color": "#202452",
                      "fontSize": 14,
                      "fontWeight": "400",
                      "textAlign": "center",
                      "textAlignVertical": "center",
                    }
                  }
                >
                  EDIT
                </Text>
              </View>
            </View>
          </View>
        </View>
      </View>
    </View>
  </RCTScrollView>
</View>
`;
